[colab] Parsing notebook '/home/kurt/colab-runs/tabpfn-regressor-pipeline-e2d5fab-ab96de/tabpfn_regressor_artifact_inference_colab_e2d5fab_colab-cli-t4.ipynb'...
[colab] Executing cell 1/9 - Infrastructure: check the runtime, accelerator and disk; create (or keep) the run directory...
{'accelerator': 'Tesla T4, 15360 MiB', 'kernel_python': '3.13.15', 'run_directory': '/content/dimer_runs/tabpfn_regressor_artifact_inference/aa66d8e30c88', 'outputs': '/content/outputs', 'weights': '/content/weights', 'environment_root': '/tmp/dimer_uv', 'free_gib': {'weights': 193.3, 'environment': 193.3}}
[colab] Executing cell 2/9 - Infrastructure: write and verify the carried package, stage runner, lock, manifest and samples...
{'carried_files': 7, 'verified': True, 'repository': 'kurtvalcorza/tabpfn-regressor-pipeline', 'revision': '627b2307404387a0ac03810a8ff8dfb6dc6999a8', 'generator': 'build_notebook.py/3.0-tabular'}
[colab] Executing cell 3/9 - Infrastructure: build (or reuse) the isolated locked environment and define the stage runner...
{'notebook_source': '627b2307404387a0ac03810a8ff8dfb6dc6999a8', 'python': '3.12.12', 'torch': '2.11.0', 'tabpfn': '8.1.0', 'numpy': '2.5.3', 'pandas': '2.3.2', 'scikit-learn': '1.9.0', 'cuda': True, 'locked_packages': 63, 'environment': '/tmp/dimer_uv/venv-445088f490907aed', 'environment_reused': False, 'setup_seconds': 65}
[colab] Executing cell 4/9 - Infrastructure: stage and digest-verify the pinned checkpoint...
Running stage 'weights' in the isolated environment; log: /content/dimer_runs/tabpfn_regressor_artifact_inference/aa66d8e30c88/logs/weights.log
{'model_id': 'Prior-Labs/tabpfn_3', 'revision': '24a16a89d245878b846555110985634aa2e656d7', 'license': 'tabpfn-3-license-v1.0', 'files': 4, 'total_bytes': 233315011}
{'weights_dir': '/content/weights/tabpfn-3-regressor', 'fetched': ['LICENSE', 'README.md', 'config.json', 'tabpfn-v3-regressor-v3_default.ckpt']}
{'verified_files': 4, 'revision': '24a16a89d245878b846555110985634aa2e656d7', 'checkpoint': 'tabpfn-v3-regressor-v3_default.ckpt', 'sha256': '311ce18d97e9533d8585eaadafe040fbdd8070533209ed8696641dadc97a7301'}
[colab] Executing cell 5/9 - tabpfn_regressor_artifact_inference-14...
Running stage 'artifact' in the isolated environment; log: /content/dimer_runs/tabpfn_regressor_artifact_inference/aa66d8e30c88/logs/artifact.log
{'sample_artifact': 'https://github.com/kurtvalcorza/tabpfn-regressor-pipeline/releases/download/sample-bundle-v1/tabpfn_regressor_sample_bundle.zip', 'bytes': 70554, 'sha256': '139e87dd0300dfb3a9a2aafdb976e4742e28d1943499883bf7f268dd3e7a2f2e', 'verified_before_extraction': True, 'reused_download': False, 'producer': {'notebook': 'tutorials/tabpfn_regressor_colab.ipynb', 'notebook_blob': 'c85822daf78d331f0d2f64c0e161145a42f47295', 'commit': 'bb3426aef266f8848ef13d60fa6f4ac181435524', 'runtime': "Linux x86_64 (WSL2), CPU only (CUDA_VISIBLE_DEVICES=-1), the notebook's own isolated hash-locked uv environment (tutorials/requirements-colab.lock.txt), code cells executed in order by nbclient with an ipykernel kernel, default form values (synthetic sample, N_ESTIMATORS=4)", 'run': '2026-10-10 local lock-only CPU run, 11/11 code cells, 1065.2 s including the environment build; fresh-boundary verification PASSED; not clean-runtime evidence', 'run_record': 'notebook-review relay ledger fixes/cloud-tabpfn-regressor-pipeline/drive-e2e-2026-10-10.log'}}
{'source': 'sample', 'zip': 'tabpfn_regressor_sample_bundle.zip', 'trusted_digest': 'verified (pinned release-asset SHA-256 before extraction; sample files against SAMPLE_BUNDLE.json; model.ckpt is the checkpoint verified in Section 3)'}
{'pinned_digests': {'zip': '139e87dd0300dfb3', 'fittedEstimator': 'ebe4c44c6dd59c63', 'foundationCheckpoint (= pinned base)': '311ce18d97e9533d'}}
{'featureColumns': 3, 'targetColumn': 'target', 'targetStats': {'mean': -0.522, 'std': 4.573, 'min': -18.286, 'max': 13.076}, 'mode': 'zero-shot-icl', 'nEstimators': 4, 'baseModel': 'Prior-Labs/tabpfn_3'}
[colab] Executing cell 6/9 - tabpfn_regressor_artifact_inference-17...
Running stage 'reconstruct' in the isolated environment; log: /content/dimer_runs/tabpfn_regressor_artifact_inference/aa66d8e30c88/logs/reconstruct.log
{'source': 'artifact', 'device': 'cuda', 'target': 'target', 'training_target': {'mean': -0.522, 'std': 4.573, 'min': -18.286, 'max': 13.076}, 'n_estimators': 4, 'random_state': 42, 'refit': False, 'network_fallback_for_weights': False}
[colab] Executing cell 7/9 - tabpfn_regressor_artifact_inference-20...
Running stage 'rows' in the isolated environment; log: /content/dimer_runs/tabpfn_regressor_artifact_inference/aa66d8e30c88/logs/rows.log
{
  "id": "new_rows.csv",
  "mode": "artifact-inference",
  "rows": 8,
  "feature_columns": [
    "x1",
    "x2",
    "category"
  ],
  "id_columns": [],
  "missing_values": {},
  "sha256": "b1d0485dfc650618d2865e4ba9103ced69b3b10e4120ff0849147eca701ba283"
}
findings: [
  {
    "input": "extra-column-probe",
    "code": "SCHEMA_MISMATCH",
    "verdict": "rejected",
    "message": "new rows: feature schema mismatch",
    "observed": {
      "missing": [],
      "extra": [
        "unexpected_column"
      ]
    }
  }
]
[colab] Executing cell 8/9 - tabpfn_regressor_artifact_inference-23...
Running stage 'predict' in the isolated environment; log: /content/dimer_runs/tabpfn_regressor_artifact_inference/aa66d8e30c88/logs/predict.log
 row_id  prediction
      0     -6.0040
      1      6.4909
      2     -0.9626
      3      0.3327
      4     -2.6360
      5     -3.6069
      6     -0.5196
      7     -2.3961
{'training_target_range': [-18.286, 13.076], 'predictions_outside_training_range': 0, 'note': 'point estimates only; no prediction interval'}
{
  "verdict": "not-measurable",
  "sample_kind": "sample",
  "reason": "no labelled validation split was scored"
}
[colab] Executing cell 9/9 - tabpfn_regressor_artifact_inference-26...
Optional activity skipped: tick RUN_ACTIVITY to run it. The canonical outputs are complete.
[colab] Saving notebook with outputs to '/home/kurt/colab-runs/tabpfn-regressor-pipeline-e2d5fab-ab96de/tabpfn_regressor_artifact_inference_colab_e2d5fab_colab-cli-t4_output.ipynb'...
